# End time: 20:03:09 on Aug 31,2026, Elapsed time: 0:00:13
# Errors: 0, Warnings: 0
# vsim -coverage -wlf fcbest_default.wlf -suppress 12110 -voptargs=""+acc"" work.mem_tb "+test_name=UNKNOWN_TEST" 
# Start time: 20:03:09 on Aug 31,2026
# ** Note: (vsim-8009) Loading existing optimized design _opt
# Loading sv_std.std
# Loading work.list_svh_unit(fast)
# Loading work.mem_tb(fast)
# Loading work.mem_interf(fast)
# Loading work.memory(fast)
# Loading work.mem_assert(fast)
# Loading work.mem_interf(fast)
# [TEST] Starting Test: UNKNOWN_TEST with N = 20
# [Scoreboard] WRITE: Addr=7, Data=1941854469
# [TEST FAILED] UNKNOWN_TEST
# gen_count = 1 | bfm_count = 1
# ** Note: $finish    : mem_tb.sv(233)
#    Time: 85 ns  Iteration: 1  Instance: /mem_tb
# 1
# Break in Module mem_tb at mem_tb.sv line 233
# End time: 20:03:24 on Aug 31,2026, Elapsed time: 0:00:15
# Errors: 0, Warnings: 0
# QuestaSim-64 vcover 10.7c Coverage Utility 2018.08 Aug 18 2018
# Start time: 20:03:24 on Aug 31,2026
# vcover merge fcbest_coverage.ucdb fcbest_empty.ucdb fcbest_nwr_nrd.ucdb fcbest_boundary.ucdb fcbest_invalid.ucdb fcbest_addr_sweep.ucdb fcbest_unwritten.ucdb fcbest_mismatch.ucdb fcbest_combined.ucdb fcbest_default.ucdb 
# QuestaSim-64 vcover 10.7c Coverage Utility 2018.08 Aug 18 2018
# Merging file fcbest_empty.ucdb
# Merging file fcbest_nwr_nrd.ucdb
# Merging file fcbest_boundary.ucdb
# Merging file fcbest_invalid.ucdb
# Merging file fcbest_addr_sweep.ucdb
# Merging file fcbest_unwritten.ucdb
# Merging file fcbest_mismatch.ucdb
# Merging file fcbest_combined.ucdb
# Merging file fcbest_default.ucdb
# Writing merged result to fcbest_coverage.ucdb
# 
# End time: 20:03:24 on Aug 31,2026, Elapsed time: 0:00:00
# Errors: 0, Warnings: 0
# QuestaSim-64 vcover 10.7c Coverage Utility 2018.08 Aug 18 2018
# Start time: 20:03:24 on Aug 31,2026
# vcover report -details -output fcbest_coverage_report.txt fcbest_coverage.ucdb 
# End time: 20:03:24 on Aug 31,2026, Elapsed time: 0:00:00
# Errors: 0, Warnings: 0
# 
# ==============================================================
#              FCBEST REGRESSION COMPLETED
# ==============================================================
# Merged UCDB : fcbest_coverage.ucdb
# Report      : fcbest_coverage_report.txt
# ==============================================================
do run_all_assert.do
# QuestaSim-64 vlog 10.7c Compiler 2018.08 Aug 18 2018
# Start time: 20:03:53 on Aug 31,2026
# vlog -reportprogress 300 list.svh 
# -- Compiling package list_svh_unit
# -- Compiling module memory
# -- Compiling interface mem_interf
# -- Compiling module mem_assert
# -- Compiling module mem_tb
# 
# Top level modules:
# 	mem_tb
# End time: 20:03:53 on Aug 31,2026, Elapsed time: 0:00:00
# Errors: 0, Warnings: 0
