# End time: 20:06:22 on Aug 31,2026, Elapsed time: 0:00:11
# Errors: 0, Warnings: 1
# vsim -assertdebug -coverage -wlf assert_default.wlf -suppress 12110 -voptargs=""+acc"" work.mem_tb "+test_name=UNKNOWN_TEST" 
# Start time: 20:06:22 on Aug 31,2026
# ** Note: (vsim-8009) Loading existing optimized design _opt
# Loading sv_std.std
# Loading work.list_svh_unit(fast)
# Loading work.mem_tb(fast)
# Loading work.mem_interf(fast)
# Loading work.memory(fast)
# Loading work.mem_assert(fast)
# Loading work.mem_interf(fast)
# ** Warning: (vsim-8634) Code was not compiled with coverage options.
# [TEST] Starting Test: UNKNOWN_TEST with N = 20
# [Scoreboard] WRITE: Addr=7, Data=1941854469
# [TEST FAILED] UNKNOWN_TEST
# gen_count = 1 | bfm_count = 1
# ** Note: $finish    : mem_tb.sv(233)
#    Time: 85 ns  Iteration: 1  Instance: /mem_tb
# 1
# Break in Module mem_tb at mem_tb.sv line 233
# End time: 20:06:35 on Aug 31,2026, Elapsed time: 0:00:13
# Errors: 0, Warnings: 1
# QuestaSim-64 vcover 10.7c Coverage Utility 2018.08 Aug 18 2018
# Start time: 20:06:35 on Aug 31,2026
# vcover merge assertion_coverage.ucdb assert_empty.ucdb assert_nwr_nrd.ucdb assert_boundary.ucdb assert_invalid.ucdb assert_addr_sweep.ucdb assert_unwritten.ucdb assert_mismatch.ucdb assert_combined.ucdb assert_default.ucdb 
# QuestaSim-64 vcover 10.7c Coverage Utility 2018.08 Aug 18 2018
# Merging file assert_empty.ucdb
# Merging file assert_nwr_nrd.ucdb
# Merging file assert_boundary.ucdb
# Merging file assert_invalid.ucdb
# Merging file assert_addr_sweep.ucdb
# Merging file assert_unwritten.ucdb
# Merging file assert_mismatch.ucdb
# Merging file assert_combined.ucdb
# Merging file assert_default.ucdb
# Writing merged result to assertion_coverage.ucdb
# 
# End time: 20:06:35 on Aug 31,2026, Elapsed time: 0:00:00
# Errors: 0, Warnings: 0
# QuestaSim-64 vcover 10.7c Coverage Utility 2018.08 Aug 18 2018
# Start time: 20:06:35 on Aug 31,2026
# vcover report -assert -details -output assertion_coverage_report.txt assertion_coverage.ucdb 
# End time: 20:06:35 on Aug 31,2026, Elapsed time: 0:00:00
# Errors: 0, Warnings: 0
# 
# ==============================================================
#         ASSERTION DEBUG REGRESSION COMPLETED
# ==============================================================
# Merged UCDB : assertion_coverage.ucdb
# Report      : assertion_coverage_report.txt
# ==============================================================
# coverage read -dataset assert_combined D:/Memory project/Memory project/assert_combined.ucdb
# D:/Memory project/Memory project/assert_combined.ucdb opened as coverage dataset "assert_combined"
# 
# 
add wave -position insertpoint assert_combined1:/mem_tb/pif/*
# 
# 
add wave -position insertpoint assert_combined:/mem_tb/*
# (vish-4014) No objects found matching 'assert_combined:/mem_tb/*'.
coverage report -html -htmldir covhtmlreport -source -assert -directive -cvg -code bcefst -threshL 50 -threshH 90
# Report created in covhtmlreport/index.html
# coverage read -dataset assert_combined2 D:/Memory project/Memory project/assert_combined.ucdb
# D:/Memory project/Memory project/assert_combined.ucdb opened as coverage dataset "assert_combined2"
