# End time: 20:05:19 on Aug 31,2026, Elapsed time: 0:00:11
# Errors: 0, Warnings: 1
# vsim -assertdebug -coverage -wlf assert_invalid.wlf -suppress 12110 -voptargs=""+acc"" work.mem_tb "+test_name=INVALID_TEST" 
# Start time: 20:05:19 on Aug 31,2026
# ** Note: (vsim-8009) Loading existing optimized design _opt
# Loading sv_std.std
# Loading work.list_svh_unit(fast)
# Loading work.mem_tb(fast)
# Loading work.mem_interf(fast)
# Loading work.memory(fast)
# Loading work.mem_assert(fast)
# Loading work.mem_interf(fast)
# ** Warning: (vsim-8634) Code was not compiled with coverage options.
# [TEST] Starting Test: INVALID_TEST with N = 20
# [TEST FAILED] INVALID_TEST
# gen_count = 5 | bfm_count = 5
# ** Note: $finish    : mem_tb.sv(233)
#    Time: 195 ns  Iteration: 1  Instance: /mem_tb
# 1
# Break in Module mem_tb at mem_tb.sv line 233
