# End time: 20:02:21 on Aug 31,2026, Elapsed time: 0:00:11
# Errors: 0, Warnings: 0
# vsim -coverage -wlf fcbest_addr_sweep.wlf -suppress 12110 -voptargs=""+acc"" work.mem_tb "+test_name=ADDR_SWEEP" 
# Start time: 20:02:21 on Aug 31,2026
# ** Note: (vsim-8009) Loading existing optimized design _opt
# Loading sv_std.std
# Loading work.list_svh_unit(fast)
# Loading work.mem_tb(fast)
# Loading work.mem_interf(fast)
# Loading work.memory(fast)
# Loading work.mem_assert(fast)
# Loading work.mem_interf(fast)
# [TEST] Starting Test: ADDR_SWEEP with N = 20
# [Scoreboard] WRITE: Addr=0, Data=1941854469
# [Scoreboard] WRITE: Addr=1, Data=3912263703
# [Scoreboard] WRITE: Addr=2, Data=1487132210
# [Scoreboard] WRITE: Addr=3, Data=2806280479
# [Scoreboard] WRITE: Addr=4, Data=3024570941
# [Scoreboard] WRITE: Addr=5, Data=114493574
# [Scoreboard] WRITE: Addr=6, Data=2483962155
# [Scoreboard] WRITE: Addr=7, Data=2574538281
# [Scoreboard] WRITE: Addr=8, Data=2110145844
# [Scoreboard] WRITE: Addr=9, Data=1727155162
# [Scoreboard] WRITE: Addr=10, Data=33745869
# [Scoreboard] WRITE: Addr=11, Data=3228367525
# [Scoreboard] WRITE: Addr=12, Data=2225717388
# [Scoreboard] WRITE: Addr=13, Data=4060722487
# [Scoreboard] WRITE: Addr=14, Data=3593812007
# [Scoreboard] WRITE: Addr=15, Data=547115504
# [Scoreboard] WRITE: Addr=16, Data=826444318
# [Scoreboard] WRITE: Addr=17, Data=2001769609
# [Scoreboard] WRITE: Addr=18, Data=1063744899
# [Scoreboard] WRITE: Addr=19, Data=1630119148
# [Scoreboard] WRITE: Addr=20, Data=1981611122
# [Scoreboard] WRITE: Addr=21, Data=472787127
# [Scoreboard] WRITE: Addr=22, Data=3479446489
# [Scoreboard] WRITE: Addr=23, Data=2179166490
# [Scoreboard] WRITE: Addr=24, Data=2208843279
# [Scoreboard] WRITE: Addr=25, Data=1888897624
# [Scoreboard] WRITE: Addr=26, Data=2635737947
# [Scoreboard] WRITE: Addr=27, Data=1848070044
# [Scoreboard] WRITE: Addr=28, Data=1150126726
# [Scoreboard] WRITE: Addr=29, Data=2632807582
# [Scoreboard] WRITE: Addr=30, Data=3049724223
# [Scoreboard] WRITE: Addr=31, Data=1696689324
# [Scoreboard] WRITE: Addr=32, Data=821605169
# [Scoreboard] WRITE: Addr=33, Data=1746022570
# [Scoreboard] WRITE: Addr=34, Data=2111416929
# [Scoreboard] WRITE: Addr=35, Data=2772690510
# [Scoreboard] WRITE: Addr=36, Data=468104735
# [Scoreboard] WRITE: Addr=37, Data=236498790
# [Scoreboard] WRITE: Addr=38, Data=3189117518
# [Scoreboard] WRITE: Addr=39, Data=2691066289
# [Scoreboard] WRITE: Addr=40, Data=1640212459
# [Scoreboard] WRITE: Addr=41, Data=2416456489
# [Scoreboard] WRITE: Addr=42, Data=1220889272
# [Scoreboard] WRITE: Addr=43, Data=3076435846
# [Scoreboard] WRITE: Addr=44, Data=73037533
# [Scoreboard] WRITE: Addr=45, Data=2779983820
# [Scoreboard] WRITE: Addr=46, Data=1639062964
# [Scoreboard] WRITE: Addr=47, Data=2707476736
# [Scoreboard] WRITE: Addr=48, Data=2212259841
# [Scoreboard] WRITE: Addr=49, Data=2325413264
# [Scoreboard] WRITE: Addr=50, Data=3143347223
# [Scoreboard] WRITE: Addr=51, Data=17002108
# [Scoreboard] WRITE: Addr=52, Data=2794714962
# [Scoreboard] WRITE: Addr=53, Data=1996966956
# [Scoreboard] WRITE: Addr=54, Data=353553254
# [Scoreboard] WRITE: Addr=55, Data=555937020
# [Scoreboard] WRITE: Addr=56, Data=1367031852
# [Scoreboard] WRITE: Addr=57, Data=3447731427
# [Scoreboard] WRITE: Addr=58, Data=3825982936
# [Scoreboard] WRITE: Addr=59, Data=3685949312
# [Scoreboard] WRITE: Addr=60, Data=441553231
# [Scoreboard] WRITE: Addr=61, Data=4036050842
# [Scoreboard] WRITE: Addr=62, Data=1430160478
# [Scoreboard] WRITE: Addr=63, Data=1419573568
# [Scoreboard] WRITE: Addr=64, Data=154093707
# [Scoreboard] WRITE: Addr=65, Data=1203664349
# [Scoreboard] WRITE: Addr=66, Data=827640394
# [Scoreboard] WRITE: Addr=67, Data=3546338332
# [Scoreboard] WRITE: Addr=68, Data=3674730841
# [Scoreboard] WRITE: Addr=69, Data=3560838355
# [Scoreboard] WRITE: Addr=70, Data=1081740742
# [Scoreboard] WRITE: Addr=71, Data=1229853691
# [Scoreboard] WRITE: Addr=72, Data=2963364886
# [Scoreboard] WRITE: Addr=73, Data=2214557290
# [Scoreboard] WRITE: Addr=74, Data=279123959
# [Scoreboard] WRITE: Addr=75, Data=3196256188
# [Scoreboard] WRITE: Addr=76, Data=3595531932
# [Scoreboard] WRITE: Addr=77, Data=3545808003
# [Scoreboard] WRITE: Addr=78, Data=1755374512
# [Scoreboard] WRITE: Addr=79, Data=2522668113
# [Scoreboard] WRITE: Addr=80, Data=1091247925
# [Scoreboard] WRITE: Addr=81, Data=3870767972
# [Scoreboard] WRITE: Addr=82, Data=3300713573
# [Scoreboard] WRITE: Addr=83, Data=3493594217
# [Scoreboard] WRITE: Addr=84, Data=351147506
# [Scoreboard] WRITE: Addr=85, Data=1209989327
# [Scoreboard] WRITE: Addr=86, Data=3615015073
# [Scoreboard] WRITE: Addr=87, Data=4235643952
# [Scoreboard] WRITE: Addr=88, Data=3125973095
# [Scoreboard] WRITE: Addr=89, Data=4184299297
# [Scoreboard] WRITE: Addr=90, Data=4132767024
# [Scoreboard] WRITE: Addr=91, Data=2255577755
# [Scoreboard] WRITE: Addr=92, Data=258132677
# [Scoreboard] WRITE: Addr=93, Data=1830352346
# [Scoreboard] WRITE: Addr=94, Data=2476462137
# [Scoreboard] WRITE: Addr=95, Data=170424441
# [Scoreboard] WRITE: Addr=96, Data=1540496151
# [Scoreboard] WRITE: Addr=97, Data=1729727676
# [Scoreboard] WRITE: Addr=98, Data=388498217
# [Scoreboard] WRITE: Addr=99, Data=1570891465
# [Scoreboard] WRITE: Addr=100, Data=76172668
# [Scoreboard] WRITE: Addr=101, Data=39804305
# [Scoreboard] WRITE: Addr=102, Data=3315372557
# [Scoreboard] WRITE: Addr=103, Data=2872088345
# [Scoreboard] WRITE: Addr=104, Data=1649993847
# [Scoreboard] WRITE: Addr=105, Data=1135555897
# [Scoreboard] WRITE: Addr=106, Data=1811443917
# [Scoreboard] WRITE: Addr=107, Data=1758299534
# [Scoreboard] WRITE: Addr=108, Data=4137683124
# [Scoreboard] WRITE: Addr=109, Data=869312351
# [Scoreboard] WRITE: Addr=110, Data=3527829375
# [Scoreboard] WRITE: Addr=111, Data=2296925708
# [Scoreboard] WRITE: Addr=112, Data=826358203
# [Scoreboard] WRITE: Addr=113, Data=3140818963
# [Scoreboard] WRITE: Addr=114, Data=245185642
# [Scoreboard] WRITE: Addr=115, Data=563232617
# [Scoreboard] WRITE: Addr=116, Data=1176702546
# [Scoreboard] WRITE: Addr=117, Data=3145149128
# [Scoreboard] WRITE: Addr=118, Data=3001792242
# [Scoreboard] WRITE: Addr=119, Data=2685952727
# [Scoreboard] WRITE: Addr=120, Data=1540725912
# [Scoreboard] WRITE: Addr=121, Data=883594046
# [Scoreboard] WRITE: Addr=122, Data=793160372
# [Scoreboard] WRITE: Addr=123, Data=1678328671
# [Scoreboard] WRITE: Addr=124, Data=2748877344
# [Scoreboard] WRITE: Addr=125, Data=1206964266
# [Scoreboard] WRITE: Addr=126, Data=1596133174
# [Scoreboard] WRITE: Addr=127, Data=1473855455
# [Scoreboard] WRITE: Addr=128, Data=1673297917
# [Scoreboard] WRITE: Addr=129, Data=3163942232
# [Scoreboard] WRITE: Addr=130, Data=4255565865
# [Scoreboard] WRITE: Addr=131, Data=2567418503
# [Scoreboard] WRITE: Addr=132, Data=893076471
# [Scoreboard] WRITE: Addr=133, Data=2057947961
# [Scoreboard] WRITE: Addr=134, Data=243986449
# [Scoreboard] WRITE: Addr=135, Data=4269174335
# [Scoreboard] WRITE: Addr=136, Data=1746999191
# [Scoreboard] WRITE: Addr=137, Data=451222457
# [Scoreboard] WRITE: Addr=138, Data=1356813120
# [Scoreboard] WRITE: Addr=139, Data=3016125858
# [Scoreboard] WRITE: Addr=140, Data=3648871975
# [Scoreboard] WRITE: Addr=141, Data=376631188
# [Scoreboard] WRITE: Addr=142, Data=333779699
# [Scoreboard] WRITE: Addr=143, Data=606438404
# [Scoreboard] WRITE: Addr=144, Data=4015310630
# [Scoreboard] WRITE: Addr=145, Data=3172940431
# [Scoreboard] WRITE: Addr=146, Data=3342905319
# [Scoreboard] WRITE: Addr=147, Data=2714095483
# [Scoreboard] WRITE: Addr=148, Data=1918339132
# [Scoreboard] WRITE: Addr=149, Data=3283749052
# [Scoreboard] WRITE: Addr=150, Data=3937304503
# [Scoreboard] WRITE: Addr=151, Data=3317114279
# [Scoreboard] WRITE: Addr=152, Data=1690685321
# [Scoreboard] WRITE: Addr=153, Data=3825990548
# [Scoreboard] WRITE: Addr=154, Data=2361275107
# [Scoreboard] WRITE: Addr=155, Data=1819492782
# [Scoreboard] WRITE: Addr=156, Data=151914524
# [Scoreboard] WRITE: Addr=157, Data=1385539647
# [Scoreboard] WRITE: Addr=158, Data=3345390931
# [Scoreboard] WRITE: Addr=159, Data=876119524
# [Scoreboard] WRITE: Addr=160, Data=3631115875
# [Scoreboard] WRITE: Addr=161, Data=1442126116
# [Scoreboard] WRITE: Addr=162, Data=2988082746
# [Scoreboard] WRITE: Addr=163, Data=3620480872
# [Scoreboard] WRITE: Addr=164, Data=2798699803
# [Scoreboard] WRITE: Addr=165, Data=2198854031
# [Scoreboard] WRITE: Addr=166, Data=3125777878
# [Scoreboard] WRITE: Addr=167, Data=1001330272
# [Scoreboard] WRITE: Addr=168, Data=944938899
# [Scoreboard] WRITE: Addr=169, Data=2054196552
# [Scoreboard] WRITE: Addr=170, Data=2777897823
# [Scoreboard] WRITE: Addr=171, Data=444616459
# [Scoreboard] WRITE: Addr=172, Data=1702893940
# [Scoreboard] WRITE: Addr=173, Data=930913398
# [Scoreboard] WRITE: Addr=174, Data=3012858649
# [Scoreboard] WRITE: Addr=175, Data=3884460970
# [Scoreboard] WRITE: Addr=176, Data=1486128131
# [Scoreboard] WRITE: Addr=177, Data=417344636
# [Scoreboard] WRITE: Addr=178, Data=610161757
# [Scoreboard] WRITE: Addr=179, Data=2155090923
# [Scoreboard] WRITE: Addr=180, Data=1074645155
# [Scoreboard] WRITE: Addr=181, Data=2120861693
# [Scoreboard] WRITE: Addr=182, Data=1381743475
# [Scoreboard] WRITE: Addr=183, Data=379290513
# [Scoreboard] WRITE: Addr=184, Data=1615003586
# [Scoreboard] WRITE: Addr=185, Data=848452769
# [Scoreboard] WRITE: Addr=186, Data=449882058
# [Scoreboard] WRITE: Addr=187, Data=1306247232
# [Scoreboard] WRITE: Addr=188, Data=3244044749
# [Scoreboard] WRITE: Addr=189, Data=695781395
# [Scoreboard] WRITE: Addr=190, Data=124090701
# [Scoreboard] WRITE: Addr=191, Data=518258063
# [Scoreboard] WRITE: Addr=192, Data=1850433262
# [Scoreboard] WRITE: Addr=193, Data=520667394
# [Scoreboard] WRITE: Addr=194, Data=2772315599
# [Scoreboard] WRITE: Addr=195, Data=2126064239
# [Scoreboard] WRITE: Addr=196, Data=801443964
# [Scoreboard] WRITE: Addr=197, Data=1574715586
# [Scoreboard] WRITE: Addr=198, Data=318490302
# [Scoreboard] WRITE: Addr=199, Data=134030639
# [Scoreboard] WRITE: Addr=200, Data=330500128
# [Scoreboard] WRITE: Addr=201, Data=2843877007
# [Scoreboard] WRITE: Addr=202, Data=3562990868
# [Scoreboard] WRITE: Addr=203, Data=2164143961
# [Scoreboard] WRITE: Addr=204, Data=1329717749
# [Scoreboard] WRITE: Addr=205, Data=3582306978
# [Scoreboard] WRITE: Addr=206, Data=391028157
# [Scoreboard] WRITE: Addr=207, Data=3520649797
# [Scoreboard] WRITE: Addr=208, Data=3517797959
# [Scoreboard] WRITE: Addr=209, Data=3737696941
# [Scoreboard] WRITE: Addr=210, Data=286844232
# [Scoreboard] WRITE: Addr=211, Data=1653747648
# [Scoreboard] WRITE: Addr=212, Data=4206767962
# [Scoreboard] WRITE: Addr=213, Data=2738254981
# [Scoreboard] WRITE: Addr=214, Data=2115303553
# [Scoreboard] WRITE: Addr=215, Data=2124543013
# [Scoreboard] WRITE: Addr=216, Data=982533052
# [Scoreboard] WRITE: Addr=217, Data=4122319969
# [Scoreboard] WRITE: Addr=218, Data=439744256
# [Scoreboard] WRITE: Addr=219, Data=2805338214
# [Scoreboard] WRITE: Addr=220, Data=1318202825
# [Scoreboard] WRITE: Addr=221, Data=2122141149
# [Scoreboard] WRITE: Addr=222, Data=1044799147
# [Scoreboard] WRITE: Addr=223, Data=217765193
# [Scoreboard] WRITE: Addr=224, Data=2210433116
# [Scoreboard] WRITE: Addr=225, Data=1354559674
# [Scoreboard] WRITE: Addr=226, Data=750830422
# [Scoreboard] WRITE: Addr=227, Data=2472787780
# [Scoreboard] WRITE: Addr=228, Data=3003994336
# [Scoreboard] WRITE: Addr=229, Data=4226283349
# [Scoreboard] WRITE: Addr=230, Data=3418365466
# [Scoreboard] WRITE: Addr=231, Data=2027170176
# [Scoreboard] WRITE: Addr=232, Data=3334722830
# [Scoreboard] WRITE: Addr=233, Data=4263290272
# [Scoreboard] WRITE: Addr=234, Data=1202303401
# [Scoreboard] WRITE: Addr=235, Data=217202226
# [Scoreboard] WRITE: Addr=236, Data=2967189207
# [Scoreboard] WRITE: Addr=237, Data=848739762
# [Scoreboard] WRITE: Addr=238, Data=2072627470
# [Scoreboard] WRITE: Addr=239, Data=2942673778
# [Scoreboard] WRITE: Addr=240, Data=720124898
# [Scoreboard] WRITE: Addr=241, Data=2057642100
# [Scoreboard] WRITE: Addr=242, Data=3719361651
# [Scoreboard] WRITE: Addr=243, Data=1695251261
# [Scoreboard] WRITE: Addr=244, Data=2002193957
# [Scoreboard] WRITE: Addr=245, Data=3519922927
# [Scoreboard] WRITE: Addr=246, Data=3916764168
# [Scoreboard] WRITE: Addr=247, Data=4261393544
# [Scoreboard] WRITE: Addr=248, Data=1001021802
# [Scoreboard] WRITE: Addr=249, Data=1428801310
# [Scoreboard] WRITE: Addr=250, Data=4186782962
# [Scoreboard] WRITE: Addr=251, Data=2187811685
# [Scoreboard] WRITE: Addr=252, Data=3327148407
# [Scoreboard] WRITE: Addr=253, Data=1733849086
# [Scoreboard] WRITE: Addr=254, Data=3150048246
# [Scoreboard] WRITE: Addr=255, Data=2079168993
# [Scoreboard] READ: Addr=0, Data=1941854469
# [Scoreboard] READ: Addr=1, Data=3912263703
# [Scoreboard] READ: Addr=2, Data=1487132210
# [Scoreboard] READ: Addr=3, Data=2806280479
# [Scoreboard] READ: Addr=4, Data=3024570941
# [Scoreboard] READ: Addr=5, Data=114493574
# [Scoreboard] READ: Addr=6, Data=2483962155
# [Scoreboard] READ: Addr=7, Data=2574538281
# [Scoreboard] READ: Addr=8, Data=2110145844
# [Scoreboard] READ: Addr=9, Data=1727155162
# [Scoreboard] READ: Addr=10, Data=33745869
# [Scoreboard] READ: Addr=11, Data=3228367525
# [Scoreboard] READ: Addr=12, Data=2225717388
# [Scoreboard] READ: Addr=13, Data=4060722487
# [Scoreboard] READ: Addr=14, Data=3593812007
# [Scoreboard] READ: Addr=15, Data=547115504
# [Scoreboard] READ: Addr=16, Data=826444318
# [Scoreboard] READ: Addr=17, Data=2001769609
# [Scoreboard] READ: Addr=18, Data=1063744899
# [Scoreboard] READ: Addr=19, Data=1630119148
# [Scoreboard] READ: Addr=20, Data=1981611122
# [Scoreboard] READ: Addr=21, Data=472787127
# [Scoreboard] READ: Addr=22, Data=3479446489
# [Scoreboard] READ: Addr=23, Data=2179166490
# [Scoreboard] READ: Addr=24, Data=2208843279
# [Scoreboard] READ: Addr=25, Data=1888897624
# [Scoreboard] READ: Addr=26, Data=2635737947
# [Scoreboard] READ: Addr=27, Data=1848070044
# [Scoreboard] READ: Addr=28, Data=1150126726
# [Scoreboard] READ: Addr=29, Data=2632807582
# [Scoreboard] READ: Addr=30, Data=3049724223
# [Scoreboard] READ: Addr=31, Data=1696689324
# [Scoreboard] READ: Addr=32, Data=821605169
# [Scoreboard] READ: Addr=33, Data=1746022570
# [Scoreboard] READ: Addr=34, Data=2111416929
# [Scoreboard] READ: Addr=35, Data=2772690510
# [Scoreboard] READ: Addr=36, Data=468104735
# [Scoreboard] READ: Addr=37, Data=236498790
# [Scoreboard] READ: Addr=38, Data=3189117518
# [Scoreboard] READ: Addr=39, Data=2691066289
# [Scoreboard] READ: Addr=40, Data=1640212459
# [Scoreboard] READ: Addr=41, Data=2416456489
# [Scoreboard] READ: Addr=42, Data=1220889272
# [Scoreboard] READ: Addr=43, Data=3076435846
# [Scoreboard] READ: Addr=44, Data=73037533
# [Scoreboard] READ: Addr=45, Data=2779983820
# [Scoreboard] READ: Addr=46, Data=1639062964
# [Scoreboard] READ: Addr=47, Data=2707476736
# [Scoreboard] READ: Addr=48, Data=2212259841
# [Scoreboard] READ: Addr=49, Data=2325413264
# [Scoreboard] READ: Addr=50, Data=3143347223
# [Scoreboard] READ: Addr=51, Data=17002108
# [Scoreboard] READ: Addr=52, Data=2794714962
# [Scoreboard] READ: Addr=53, Data=1996966956
# [Scoreboard] READ: Addr=54, Data=353553254
# [Scoreboard] READ: Addr=55, Data=555937020
# [Scoreboard] READ: Addr=56, Data=1367031852
# [Scoreboard] READ: Addr=57, Data=3447731427
# [Scoreboard] READ: Addr=58, Data=3825982936
# [Scoreboard] READ: Addr=59, Data=3685949312
# [Scoreboard] READ: Addr=60, Data=441553231
# [Scoreboard] READ: Addr=61, Data=4036050842
# [Scoreboard] READ: Addr=62, Data=1430160478
# [Scoreboard] READ: Addr=63, Data=1419573568
# [Scoreboard] READ: Addr=64, Data=154093707
# [Scoreboard] READ: Addr=65, Data=1203664349
# [Scoreboard] READ: Addr=66, Data=827640394
# [Scoreboard] READ: Addr=67, Data=3546338332
# [Scoreboard] READ: Addr=68, Data=3674730841
# [Scoreboard] READ: Addr=69, Data=3560838355
# [Scoreboard] READ: Addr=70, Data=1081740742
# [Scoreboard] READ: Addr=71, Data=1229853691
# [Scoreboard] READ: Addr=72, Data=2963364886
# [Scoreboard] READ: Addr=73, Data=2214557290
# [Scoreboard] READ: Addr=74, Data=279123959
# [Scoreboard] READ: Addr=75, Data=3196256188
# [Scoreboard] READ: Addr=76, Data=3595531932
# [Scoreboard] READ: Addr=77, Data=3545808003
# [Scoreboard] READ: Addr=78, Data=1755374512
# [Scoreboard] READ: Addr=79, Data=2522668113
# [Scoreboard] READ: Addr=80, Data=1091247925
# [Scoreboard] READ: Addr=81, Data=3870767972
# [Scoreboard] READ: Addr=82, Data=3300713573
# [Scoreboard] READ: Addr=83, Data=3493594217
# [Scoreboard] READ: Addr=84, Data=351147506
# [Scoreboard] READ: Addr=85, Data=1209989327
# [Scoreboard] READ: Addr=86, Data=3615015073
# [Scoreboard] READ: Addr=87, Data=4235643952
# [Scoreboard] READ: Addr=88, Data=3125973095
# [Scoreboard] READ: Addr=89, Data=4184299297
# [Scoreboard] READ: Addr=90, Data=4132767024
# [Scoreboard] READ: Addr=91, Data=2255577755
# [Scoreboard] READ: Addr=92, Data=258132677
# [Scoreboard] READ: Addr=93, Data=1830352346
# [Scoreboard] READ: Addr=94, Data=2476462137
# [Scoreboard] READ: Addr=95, Data=170424441
# [Scoreboard] READ: Addr=96, Data=1540496151
# [Scoreboard] READ: Addr=97, Data=1729727676
# [Scoreboard] READ: Addr=98, Data=388498217
# [Scoreboard] READ: Addr=99, Data=1570891465
# [Scoreboard] READ: Addr=100, Data=76172668
# [Scoreboard] READ: Addr=101, Data=39804305
# [Scoreboard] READ: Addr=102, Data=3315372557
# [Scoreboard] READ: Addr=103, Data=2872088345
# [Scoreboard] READ: Addr=104, Data=1649993847
# [Scoreboard] READ: Addr=105, Data=1135555897
# [Scoreboard] READ: Addr=106, Data=1811443917
# [Scoreboard] READ: Addr=107, Data=1758299534
# [Scoreboard] READ: Addr=108, Data=4137683124
# [Scoreboard] READ: Addr=109, Data=869312351
# [Scoreboard] READ: Addr=110, Data=3527829375
# [Scoreboard] READ: Addr=111, Data=2296925708
# [Scoreboard] READ: Addr=112, Data=826358203
# [Scoreboard] READ: Addr=113, Data=3140818963
# [Scoreboard] READ: Addr=114, Data=245185642
# [Scoreboard] READ: Addr=115, Data=563232617
# [Scoreboard] READ: Addr=116, Data=1176702546
# [Scoreboard] READ: Addr=117, Data=3145149128
# [Scoreboard] READ: Addr=118, Data=3001792242
# [Scoreboard] READ: Addr=119, Data=2685952727
# [Scoreboard] READ: Addr=120, Data=1540725912
# [Scoreboard] READ: Addr=121, Data=883594046
# [Scoreboard] READ: Addr=122, Data=793160372
# [Scoreboard] READ: Addr=123, Data=1678328671
# [Scoreboard] READ: Addr=124, Data=2748877344
# [Scoreboard] READ: Addr=125, Data=1206964266
# [Scoreboard] READ: Addr=126, Data=1596133174
# [Scoreboard] READ: Addr=127, Data=1473855455
# [Scoreboard] READ: Addr=128, Data=1673297917
# [Scoreboard] READ: Addr=129, Data=3163942232
# [Scoreboard] READ: Addr=130, Data=4255565865
# [Scoreboard] READ: Addr=131, Data=2567418503
# [Scoreboard] READ: Addr=132, Data=893076471
# [Scoreboard] READ: Addr=133, Data=2057947961
# [Scoreboard] READ: Addr=134, Data=243986449
# [Scoreboard] READ: Addr=135, Data=4269174335
# [Scoreboard] READ: Addr=136, Data=1746999191
# [Scoreboard] READ: Addr=137, Data=451222457
# [Scoreboard] READ: Addr=138, Data=1356813120
# [Scoreboard] READ: Addr=139, Data=3016125858
# [Scoreboard] READ: Addr=140, Data=3648871975
# [Scoreboard] READ: Addr=141, Data=376631188
# [Scoreboard] READ: Addr=142, Data=333779699
# [Scoreboard] READ: Addr=143, Data=606438404
# [Scoreboard] READ: Addr=144, Data=4015310630
# [Scoreboard] READ: Addr=145, Data=3172940431
# [Scoreboard] READ: Addr=146, Data=3342905319
# [Scoreboard] READ: Addr=147, Data=2714095483
# [Scoreboard] READ: Addr=148, Data=1918339132
# [Scoreboard] READ: Addr=149, Data=3283749052
# [Scoreboard] READ: Addr=150, Data=3937304503
# [Scoreboard] READ: Addr=151, Data=3317114279
# [Scoreboard] READ: Addr=152, Data=1690685321
# [Scoreboard] READ: Addr=153, Data=3825990548
# [Scoreboard] READ: Addr=154, Data=2361275107
# [Scoreboard] READ: Addr=155, Data=1819492782
# [Scoreboard] READ: Addr=156, Data=151914524
# [Scoreboard] READ: Addr=157, Data=1385539647
# [Scoreboard] READ: Addr=158, Data=3345390931
# [Scoreboard] READ: Addr=159, Data=876119524
# [Scoreboard] READ: Addr=160, Data=3631115875
# [Scoreboard] READ: Addr=161, Data=1442126116
# [Scoreboard] READ: Addr=162, Data=2988082746
# [Scoreboard] READ: Addr=163, Data=3620480872
# [Scoreboard] READ: Addr=164, Data=2798699803
# [Scoreboard] READ: Addr=165, Data=2198854031
# [Scoreboard] READ: Addr=166, Data=3125777878
# [Scoreboard] READ: Addr=167, Data=1001330272
# [Scoreboard] READ: Addr=168, Data=944938899
# [Scoreboard] READ: Addr=169, Data=2054196552
# [Scoreboard] READ: Addr=170, Data=2777897823
# [Scoreboard] READ: Addr=171, Data=444616459
# [Scoreboard] READ: Addr=172, Data=1702893940
# [Scoreboard] READ: Addr=173, Data=930913398
# [Scoreboard] READ: Addr=174, Data=3012858649
# [Scoreboard] READ: Addr=175, Data=3884460970
# [Scoreboard] READ: Addr=176, Data=1486128131
# [Scoreboard] READ: Addr=177, Data=417344636
# [Scoreboard] READ: Addr=178, Data=610161757
# [Scoreboard] READ: Addr=179, Data=2155090923
# [Scoreboard] READ: Addr=180, Data=1074645155
# [Scoreboard] READ: Addr=181, Data=2120861693
# [Scoreboard] READ: Addr=182, Data=1381743475
# [Scoreboard] READ: Addr=183, Data=379290513
# [Scoreboard] READ: Addr=184, Data=1615003586
# [Scoreboard] READ: Addr=185, Data=848452769
# [Scoreboard] READ: Addr=186, Data=449882058
# [Scoreboard] READ: Addr=187, Data=1306247232
# [Scoreboard] READ: Addr=188, Data=3244044749
# [Scoreboard] READ: Addr=189, Data=695781395
# [Scoreboard] READ: Addr=190, Data=124090701
# [Scoreboard] READ: Addr=191, Data=518258063
# [Scoreboard] READ: Addr=192, Data=1850433262
# [Scoreboard] READ: Addr=193, Data=520667394
# [Scoreboard] READ: Addr=194, Data=2772315599
# [Scoreboard] READ: Addr=195, Data=2126064239
# [Scoreboard] READ: Addr=196, Data=801443964
# [Scoreboard] READ: Addr=197, Data=1574715586
# [Scoreboard] READ: Addr=198, Data=318490302
# [Scoreboard] READ: Addr=199, Data=134030639
# [Scoreboard] READ: Addr=200, Data=330500128
# [Scoreboard] READ: Addr=201, Data=2843877007
# [Scoreboard] READ: Addr=202, Data=3562990868
# [Scoreboard] READ: Addr=203, Data=2164143961
# [Scoreboard] READ: Addr=204, Data=1329717749
# [Scoreboard] READ: Addr=205, Data=3582306978
# [Scoreboard] READ: Addr=206, Data=391028157
# [Scoreboard] READ: Addr=207, Data=3520649797
# [Scoreboard] READ: Addr=208, Data=3517797959
# [Scoreboard] READ: Addr=209, Data=3737696941
# [Scoreboard] READ: Addr=210, Data=286844232
# [Scoreboard] READ: Addr=211, Data=1653747648
# [Scoreboard] READ: Addr=212, Data=4206767962
# [Scoreboard] READ: Addr=213, Data=2738254981
# [Scoreboard] READ: Addr=214, Data=2115303553
# [Scoreboard] READ: Addr=215, Data=2124543013
# [Scoreboard] READ: Addr=216, Data=982533052
# [Scoreboard] READ: Addr=217, Data=4122319969
# [Scoreboard] READ: Addr=218, Data=439744256
# [Scoreboard] READ: Addr=219, Data=2805338214
# [Scoreboard] READ: Addr=220, Data=1318202825
# [Scoreboard] READ: Addr=221, Data=2122141149
# [Scoreboard] READ: Addr=222, Data=1044799147
# [Scoreboard] READ: Addr=223, Data=217765193
# [Scoreboard] READ: Addr=224, Data=2210433116
# [Scoreboard] READ: Addr=225, Data=1354559674
# [Scoreboard] READ: Addr=226, Data=750830422
# [Scoreboard] READ: Addr=227, Data=2472787780
# [Scoreboard] READ: Addr=228, Data=3003994336
# [Scoreboard] READ: Addr=229, Data=4226283349
# [Scoreboard] READ: Addr=230, Data=3418365466
# [Scoreboard] READ: Addr=231, Data=2027170176
# [Scoreboard] READ: Addr=232, Data=3334722830
# [Scoreboard] READ: Addr=233, Data=4263290272
# [Scoreboard] READ: Addr=234, Data=1202303401
# [Scoreboard] READ: Addr=235, Data=217202226
# [Scoreboard] READ: Addr=236, Data=2967189207
# [Scoreboard] READ: Addr=237, Data=848739762
# [Scoreboard] READ: Addr=238, Data=2072627470
# [Scoreboard] READ: Addr=239, Data=2942673778
# [Scoreboard] READ: Addr=240, Data=720124898
# [Scoreboard] READ: Addr=241, Data=2057642100
# [Scoreboard] READ: Addr=242, Data=3719361651
# [Scoreboard] READ: Addr=243, Data=1695251261
# [Scoreboard] READ: Addr=244, Data=2002193957
# [Scoreboard] READ: Addr=245, Data=3519922927
# [Scoreboard] READ: Addr=246, Data=3916764168
# [Scoreboard] READ: Addr=247, Data=4261393544
# [Scoreboard] READ: Addr=248, Data=1001021802
# [Scoreboard] READ: Addr=249, Data=1428801310
# [Scoreboard] READ: Addr=250, Data=4186782962
# [Scoreboard] READ: Addr=251, Data=2187811685
# [Scoreboard] READ: Addr=252, Data=3327148407
# [Scoreboard] READ: Addr=253, Data=1733849086
# [Scoreboard] READ: Addr=254, Data=3150048246
# [Scoreboard] READ: Addr=255, Data=2079168993
# [TEST PASSED] ADDR_SWEEP
# gen_count = 512 | bfm_count = 512
# ** Note: $finish    : mem_tb.sv(233)
#    Time: 15405 ns  Iteration: 1  Instance: /mem_tb
# 1
# Break in Module mem_tb at mem_tb.sv line 233
