# End time: 20:02:33 on Aug 31,2026, Elapsed time: 0:00:12
# Errors: 0, Warnings: 0
# vsim -coverage -wlf fcbest_unwritten.wlf -suppress 12110 -voptargs=""+acc"" work.mem_tb "+test_name=UNWRITTEN_READ_TEST" 
# Start time: 20:02:33 on Aug 31,2026
# ** Note: (vsim-8009) Loading existing optimized design _opt
# Loading sv_std.std
# Loading work.list_svh_unit(fast)
# Loading work.mem_tb(fast)
# Loading work.mem_interf(fast)
# Loading work.memory(fast)
# Loading work.mem_assert(fast)
# Loading work.mem_interf(fast)
# [TEST] Starting Test: UNWRITTEN_READ_TEST with N = 20
# [Scoreboard] READ: Addr=150, Data=0
# [TEST PASSED] UNWRITTEN_READ_TEST
# gen_count = 1 | bfm_count = 1
# ** Note: $finish    : mem_tb.sv(233)
#    Time: 85 ns  Iteration: 1  Instance: /mem_tb
# 1
# Break in Module mem_tb at mem_tb.sv line 233
